// Jest Snapshot v1, https://goo.gl/fbAQLP

exports[`matches snapshot 1`] = `
<div>
  <span
    style={
      Object {
        "color": "cyan",
      }
    }
  >
    HelloComponent
  </span>
</div>
`;
